src/components/layout/Sidebar.tsx(1,1): error TS6133: 'useState' is declared but its value is never read.
src/components/sections/LogoHero.tsx(35,9): error TS2322: Type '{ children: Element[]; style: { scale: MotionValue<number>; x: MotionValue<number>; y: MotionValue<number>; opacity: MotionValue<number>; }; className: string; willChange: string; }' is not assignable to type 'IntrinsicAttributes & Omit<HTMLMotionProps<"div">, "ref"> & RefAttributes<HTMLDivElement>'.
  Property 'willChange' does not exist on type 'IntrinsicAttributes & Omit<HTMLMotionProps<"div">, "ref"> & RefAttributes<HTMLDivElement>'.
